// Jest Snapshot v1, https://goo.gl/fbAQLP

exports[`Button renders correctly 1`] = `
.emotion-0 {
  color: red;
}

@media (min-width:420px) {
  .emotion-0 {
    color: green;
  }
}

@media (min-width:920px) {
  .emotion-0 {
    color: blue;
  }
}

<div
  className="emotion-0"
>
  This is an app
  <div>
    <ul>
      <li>
        <a
          href="/"
          onClick={[Function]}
        >
          Home
        </a>
      </li>
      <li>
        <a
          href="/about"
          onClick={[Function]}
        >
          About
        </a>
      </li>
      <li>
        <a
          href="/topics"
          onClick={[Function]}
        >
          Topics
        </a>
      </li>
    </ul>
    <hr />
    <div
      className="emotion-0"
    >
      <h2>
        Home
      </h2>
    </div>
  </div>
  <button
    onClick={[Function]}
    type="button"
  />
</div>
`;
